// Vitest Snapshot v1, https://vitest.dev/guide/snapshot.html

exports[`QuizQuestionList option states (Friendly Pop) > renders identical markup for a graded quiz (snapshot) 1`] = `
<div>
  <div
    class="space-y-4"
  >
    <div
      class="bg-surface rounded-card border border-outline shadow-elev-1 p-4 space-y-3"
    >
      <div
        class="flex items-start gap-2"
      >
        <span
          class="rounded-pill bg-primary text-on-primary text-[10px] font-bold leading-none px-2 py-1 shrink-0"
        >
          Q
          1
        </span>
        <p
          class="text-on-surface text-sm font-semibold leading-snug"
        >
          What is 2 + 2?
        </p>
      </div>
      <div
        class="space-y-2.5"
      >
        <button
          class="w-full text-left text-xs leading-relaxed px-3.5 py-3 border rounded-control font-medium transition-all duration-75 border-success bg-success text-white font-semibold"
          disabled=""
        >
          4
        </button>
        <button
          class="w-full text-left text-xs leading-relaxed px-3.5 py-3 border rounded-control font-medium transition-all duration-75 border-danger bg-danger text-white font-semibold"
          disabled=""
        >
          5
        </button>
        <button
          class="w-full text-left text-xs leading-relaxed px-3.5 py-3 border rounded-control font-medium transition-all duration-75 border-outline bg-surface text-on-surface-muted opacity-60"
          disabled=""
        >
          22
        </button>
      </div>
      <p
        class="bg-surface-alt rounded-control text-on-surface text-[11px] font-medium leading-relaxed px-2.5 py-2"
      >
        Two plus two is four.
      </p>
    </div>
    <div
      class="bg-surface rounded-card border border-outline shadow-elev-1 p-4 space-y-3"
    >
      <div
        class="flex items-start gap-2"
      >
        <span
          class="rounded-pill bg-primary text-on-primary text-[10px] font-bold leading-none px-2 py-1 shrink-0"
        >
          Q
          2
        </span>
        <p
          class="text-on-surface text-sm font-semibold leading-snug"
        >
          Capital of France?
        </p>
      </div>
      <div
        class="space-y-2.5"
      >
        <button
          class="w-full text-left text-xs leading-relaxed px-3.5 py-3 border rounded-control font-medium transition-all duration-75 border-success bg-success text-white font-semibold"
          disabled=""
        >
          Paris
        </button>
        <button
          class="w-full text-left text-xs leading-relaxed px-3.5 py-3 border rounded-control font-medium transition-all duration-75 border-outline bg-surface text-on-surface-muted opacity-60"
          disabled=""
        >
          Rome
        </button>
        <button
          class="w-full text-left text-xs leading-relaxed px-3.5 py-3 border rounded-control font-medium transition-all duration-75 border-outline bg-surface text-on-surface-muted opacity-60"
          disabled=""
        >
          Berlin
        </button>
      </div>
      <p
        class="bg-surface-alt rounded-control text-on-surface text-[11px] font-medium leading-relaxed px-2.5 py-2"
      >
        Paris is the capital of France.
      </p>
    </div>
  </div>
</div>
`;
